[     667ms] [ERROR] Failed to load resource: the server responded with a status of 404 () @ https://app.lemonsqueezy.com/settings/store:0
[     703ms] [INFO] Loading the script 'https://assets.lemonsqueezy.com/75fe1b45d5855b1a8177bf76e25edd130b354d97/build/assets/app-B7Yhjz6C.js' violates the following Content Security Policy directive: "script-src 'unsafe-inline' 'unsafe-eval'". Note that 'script-src-elem' was not explicitly set, so 'script-src' is used as a fallback. The policy is report-only, so the violation has been logged but no further action has been taken. @ https://app.lemonsqueezy.com/settings/store:28
[     709ms] [INFO] Loading the script 'https://assets.lemonsqueezy.com/75fe1b45d5855b1a8177bf76e25edd130b354d97/build/assets/route-7yaF3K5M.js' violates the following Content Security Policy directive: "script-src 'unsafe-inline' 'unsafe-eval'". Note that 'script-src-elem' was not explicitly set, so 'script-src' is used as a fallback. The policy is report-only, so the violation has been logged but no further action has been taken. @ https://app.lemonsqueezy.com/settings/store:28
[     710ms] [INFO] Loading the script 'https://assets.lemonsqueezy.com/75fe1b45d5855b1a8177bf76e25edd130b354d97/build/assets/useCheckoutState-4oXk4w_o.js' violates the following Content Security Policy directive: "script-src 'unsafe-inline' 'unsafe-eval'". Note that 'script-src-elem' was not explicitly set, so 'script-src' is used as a fallback. The policy is report-only, so the violation has been logged but no further action has been taken. @ https://app.lemonsqueezy.com/settings/store:28
[     718ms] [INFO] Loading the script 'https://assets.lemonsqueezy.com/75fe1b45d5855b1a8177bf76e25edd130b354d97/static/customer.js' violates the following Content Security Policy directive: "script-src 'unsafe-inline' 'unsafe-eval'". Note that 'script-src-elem' was not explicitly set, so 'script-src' is used as a fallback. The policy is report-only, so the violation has been logged but no further action has been taken. @ https://app.lemonsqueezy.com/settings/store:0
[     718ms] [INFO] Loading the script 'https://static.cloudflareinsights.com/beacon.min.js/v8c78df7c7c0f484497ecbca7046644da1771523124516' violates the following Content Security Policy directive: "script-src 'unsafe-inline' 'unsafe-eval'". Note that 'script-src-elem' was not explicitly set, so 'script-src' is used as a fallback. The policy is report-only, so the violation has been logged but no further action has been taken. @ https://app.lemonsqueezy.com/settings/store:0
[     751ms] [INFO] Loading the script 'https://assets.lemonsqueezy.com/75fe1b45d5855b1a8177bf76e25edd130b354d97/build/assets/Error-CT7YGMRV.js' violates the following Content Security Policy directive: "script-src 'unsafe-inline' 'unsafe-eval'". Note that 'script-src-elem' was not explicitly set, so 'script-src' is used as a fallback. The policy is report-only, so the violation has been logged but no further action has been taken. @ https://assets.lemonsqueezy.com/75fe1b45d5855b1a8177bf76e25edd130b354d97/build/assets/route-7yaF3K5M.js:0
[     752ms] [INFO] Loading the script 'https://assets.lemonsqueezy.com/75fe1b45d5855b1a8177bf76e25edd130b354d97/build/assets/ErrorLayout-C2dUkbNs.js' violates the following Content Security Policy directive: "script-src 'unsafe-inline' 'unsafe-eval'". Note that 'script-src-elem' was not explicitly set, so 'script-src' is used as a fallback. The policy is report-only, so the violation has been logged but no further action has been taken. @ https://assets.lemonsqueezy.com/75fe1b45d5855b1a8177bf76e25edd130b354d97/build/assets/route-7yaF3K5M.js:0
[     752ms] [INFO] Loading the script 'https://assets.lemonsqueezy.com/75fe1b45d5855b1a8177bf76e25edd130b354d97/build/assets/TestModeNotice-R3iB7D-X.js' violates the following Content Security Policy directive: "script-src 'unsafe-inline' 'unsafe-eval'". Note that 'script-src-elem' was not explicitly set, so 'script-src' is used as a fallback. The policy is report-only, so the violation has been logged but no further action has been taken. @ https://assets.lemonsqueezy.com/75fe1b45d5855b1a8177bf76e25edd130b354d97/build/assets/route-7yaF3K5M.js:0
[     752ms] [INFO] Loading the script 'https://assets.lemonsqueezy.com/75fe1b45d5855b1a8177bf76e25edd130b354d97/build/assets/_plugin-vue_export-helper-5heKHmp9.js' violates the following Content Security Policy directive: "script-src 'unsafe-inline' 'unsafe-eval'". Note that 'script-src-elem' was not explicitly set, so 'script-src' is used as a fallback. The policy is report-only, so the violation has been logged but no further action has been taken. @ https://assets.lemonsqueezy.com/75fe1b45d5855b1a8177bf76e25edd130b354d97/build/assets/route-7yaF3K5M.js:0
[     754ms] [INFO] Loading the script 'https://app.lemonsqueezy.com/cdn-cgi/challenge-platform/scripts/jsd/main.js' violates the following Content Security Policy directive: "script-src 'unsafe-inline' 'unsafe-eval'". Note that 'script-src-elem' was not explicitly set, so 'script-src' is used as a fallback. The policy is report-only, so the violation has been logged but no further action has been taken. @ :0
[     759ms] [INFO] Connecting to 'https://app.lemonsqueezy.com/cdn-cgi/rum?' violates the following Content Security Policy directive: "connect-src 'none'". The policy is report-only, so the violation has been logged but no further action has been taken. @ https://static.cloudflareinsights.com/beacon.min.js/v8c78df7c7c0f484497ecbca7046644da1771523124516:0
[     767ms] [INFO] Connecting to 'https://o4505075539902464.ingest.us.sentry.io/api/4505076398489600/envelope/?sentry_version=7&sentry_key=9b4670a486538110e9a1969dbceb8446&sentry_client=sentry.javascript.vue%2F10.32.1' violates the following Content Security Policy directive: "connect-src 'none'". The policy is report-only, so the violation has been logged but no further action has been taken. @ https://app.lemonsqueezy.com/settings/store:0
[     767ms] [INFO] Connecting to 'https://o4505075539902464.ingest.us.sentry.io/api/4505076398489600/envelope/?sentry_version=7&sentry_key=9b4670a486538110e9a1969dbceb8446&sentry_client=sentry.javascript.vue%2F10.32.1' violates the following Content Security Policy directive: "connect-src 'none'". The policy is report-only, so the violation has been logged but no further action has been taken. @ https://app.lemonsqueezy.com/settings/store:0
[     831ms] [INFO] Creating a worker from 'blob:https://app.lemonsqueezy.com/6a0560f9-29fd-4e16-8aca-168befca1f1c' violates the following Content Security Policy directive: "script-src 'unsafe-inline' 'unsafe-eval'". Note that 'worker-src' was not explicitly set, so 'script-src' is used as a fallback. The policy is report-only, so the violation has been logged but no further action has been taken. @ https://assets.lemonsqueezy.com/75fe1b45d5855b1a8177bf76e25edd130b354d97/build/assets/app-B7Yhjz6C.js:77
[     849ms] [ERROR] TypeError: Cannot read properties of undefined (reading 'props')
    at Proxy.sentry (https://assets.lemonsqueezy.com/75fe1b45d5855b1a8177bf76e25edd130b354d97/build/assets/app-B7Yhjz6C.js:110:209153)
    at Vn.fn (https://assets.lemonsqueezy.com/75fe1b45d5855b1a8177bf76e25edd130b354d97/build/assets/useCheckoutState-4oXk4w_o.js:9:9413)
    at Vn.run (https://assets.lemonsqueezy.com/75fe1b45d5855b1a8177bf76e25edd130b354d97/build/assets/useCheckoutState-4oXk4w_o.js:9:1517)
    at get value (https://assets.lemonsqueezy.com/75fe1b45d5855b1a8177bf76e25edd130b354d97/build/assets/useCheckoutState-4oXk4w_o.js:9:9658)
    at Object.get [as sentry] (https://assets.lemonsqueezy.com/75fe1b45d5855b1a8177bf76e25edd130b354d97/build/assets/useCheckoutState-4oXk4w_o.js:16:26276)
    at Object.get (https://assets.lemonsqueezy.com/75fe1b45d5855b1a8177bf76e25edd130b354d97/build/assets/useCheckoutState-4oXk4w_o.js:16:23775)
    at o (https://assets.lemonsqueezy.com/75fe1b45d5855b1a8177bf76e25edd130b354d97/build/assets/useCheckoutState-4oXk4w_o.js:16:27238)
    at It (https://assets.lemonsqueezy.com/75fe1b45d5855b1a8177bf76e25edd130b354d97/build/assets/useCheckoutState-4oXk4w_o.js:16:1997)
    at Vn.f [as fn] (https://assets.lemonsqueezy.com/75fe1b45d5855b1a8177bf76e25edd130b354d97/build/assets/useCheckoutState-4oXk4w_o.js:16:12771)
    at Vn.run (https://assets.lemonsqueezy.com/75fe1b45d5855b1a8177bf76e25edd130b354d97/build/assets/useCheckoutState-4oXk4w_o.js:9:1517)
    at ao (https://assets.lemonsqueezy.com/75fe1b45d5855b1a8177bf76e25edd130b354d97/build/assets/useCheckoutState-4oXk4w_o.js:16:13468)
    at xn (https://assets.lemonsqueezy.com/75fe1b45d5855b1a8177bf76e25edd130b354d97/build/assets/useCheckoutState-4oXk4w_o.js:16:12381)
    at vp (https://assets.lemonsqueezy.com/75fe1b45d5855b1a8177bf76e25edd130b354d97/build/assets/useCheckoutState-4oXk4w_o.js:16:27292)
    at og (https://assets.lemonsqueezy.com/75fe1b45d5855b1a8177bf76e25edd130b354d97/build/assets/useCheckoutState-4oXk4w_o.js:16:26326)
    at jp (https://assets.lemonsqueezy.com/75fe1b45d5855b1a8177bf76e25edd130b354d97/build/assets/useCheckoutState-4oXk4w_o.js:24:18764)
    at Ig (https://assets.lemonsqueezy.com/75fe1b45d5855b1a8177bf76e25edd130b354d97/build/assets/useCheckoutState-4oXk4w_o.js:24:18213)
    at Lp (https://assets.lemonsqueezy.com/75fe1b45d5855b1a8177bf76e25edd130b354d97/build/assets/useCheckoutState-4oXk4w_o.js:24:17847)
    at H (https://assets.lemonsqueezy.com/75fe1b45d5855b1a8177bf76e25edd130b354d97/build/assets/useCheckoutState-4oXk4w_o.js:24:4314)
    at $ (https://assets.lemonsqueezy.com/75fe1b45d5855b1a8177bf76e25edd130b354d97/build/assets/useCheckoutState-4oXk4w_o.js:24:4207)
    at g (https://assets.lemonsqueezy.com/75fe1b45d5855b1a8177bf76e25edd130b354d97/build/assets/useCheckoutState-4oXk4w_o.js:24:1156)
    at rc (https://assets.lemonsqueezy.com/75fe1b45d5855b1a8177bf76e25edd130b354d97/build/assets/useCheckoutState-4oXk4w_o.js:24:9415)
    at mount (https://assets.lemonsqueezy.com/75fe1b45d5855b1a8177bf76e25edd130b354d97/build/assets/useCheckoutState-4oXk4w_o.js:16:29763)
    at t.mount (https://assets.lemonsqueezy.com/75fe1b45d5855b1a8177bf76e25edd130b354d97/build/assets/useCheckoutState-4oXk4w_o.js:28:18199)
    at setup (https://assets.lemonsqueezy.com/75fe1b45d5855b1a8177bf76e25edd130b354d97/build/assets/app-B7Yhjz6C.js:110:209689)
    at https://assets.lemonsqueezy.com/75fe1b45d5855b1a8177bf76e25edd130b354d97/build/assets/useCheckoutState-4oXk4w_o.js:104:15458
    at async h$ (https://assets.lemonsqueezy.com/75fe1b45d5855b1a8177bf76e25edd130b354d97/build/assets/useCheckoutState-4oXk4w_o.js:104:15290) @ https://assets.lemonsqueezy.com/75fe1b45d5855b1a8177bf76e25edd130b354d97/build/assets/app-B7Yhjz6C.js:71
[     857ms] [INFO] Loading the script 'https://app.lemonsqueezy.com/cdn-cgi/challenge-platform/h/g/scripts/jsd/b0a7532ac8ec/main.js?' violates the following Content Security Policy directive: "script-src 'unsafe-inline' 'unsafe-eval'". Note that 'script-src-elem' was not explicitly set, so 'script-src' is used as a fallback. The policy is report-only, so the violation has been logged but no further action has been taken. @ about:blank:0
[     867ms] [INFO] Connecting to 'https://o4505075539902464.ingest.us.sentry.io/api/4505076398489600/envelope/?sentry_version=7&sentry_key=9b4670a486538110e9a1969dbceb8446&sentry_client=sentry.javascript.vue%2F10.32.1' violates the following Content Security Policy directive: "connect-src 'none'". The policy is report-only, so the violation has been logged but no further action has been taken. @ https://app.lemonsqueezy.com/settings/store:0
[     867ms] [INFO] Connecting to 'https://o4505075539902464.ingest.us.sentry.io/api/4505076398489600/envelope/?sentry_version=7&sentry_key=9b4670a486538110e9a1969dbceb8446&sentry_client=sentry.javascript.vue%2F10.32.1' violates the following Content Security Policy directive: "connect-src 'none'". The policy is report-only, so the violation has been logged but no further action has been taken. @ https://app.lemonsqueezy.com/settings/store:0
[     867ms] [INFO] Connecting to 'https://o4505075539902464.ingest.us.sentry.io/api/4505076398489600/envelope/?sentry_version=7&sentry_key=9b4670a486538110e9a1969dbceb8446&sentry_client=sentry.javascript.vue%2F10.32.1' violates the following Content Security Policy directive: "connect-src 'none'". The policy is report-only, so the violation has been logged but no further action has been taken. @ https://app.lemonsqueezy.com/settings/store:0
[     867ms] [INFO] Connecting to 'https://o4505075539902464.ingest.us.sentry.io/api/4505076398489600/envelope/?sentry_version=7&sentry_key=9b4670a486538110e9a1969dbceb8446&sentry_client=sentry.javascript.vue%2F10.32.1' violates the following Content Security Policy directive: "connect-src 'none'". The policy is report-only, so the violation has been logged but no further action has been taken. @ https://app.lemonsqueezy.com/settings/store:0
[    1078ms] [INFO] Connecting to 'https://app.lemonsqueezy.com/cdn-cgi/challenge-platform/h/g/jsd/oneshot/b0a7532ac8ec/0.2950961058207503:1775902362:0fy6BfLggdpd-GhubeQEx0LUDl-tDOVkIZ6yDFC0sNs/9ea9705fe93fb62f' violates the following Content Security Policy directive: "connect-src 'none'". The policy is report-only, so the violation has been logged but no further action has been taken. @ https://app.lemonsqueezy.com/cdn-cgi/challenge-platform/scripts/jsd/main.js:0
[    1080ms] [ERROR] Failed to load resource: net::ERR_NAME_NOT_RESOLVED @ https://o4505075539902464.ingest.us.sentry.io/api/4505076398489600/envelope/?sentry_version=7&sentry_key=9b4670a486538110e9a1969dbceb8446&sentry_client=sentry.javascript.vue%2F10.32.1:0
[    1081ms] [ERROR] Failed to load resource: net::ERR_NAME_NOT_RESOLVED @ https://o4505075539902464.ingest.us.sentry.io/api/4505076398489600/envelope/?sentry_version=7&sentry_key=9b4670a486538110e9a1969dbceb8446&sentry_client=sentry.javascript.vue%2F10.32.1:0
[    1081ms] [ERROR] Failed to load resource: net::ERR_NAME_NOT_RESOLVED @ https://o4505075539902464.ingest.us.sentry.io/api/4505076398489600/envelope/?sentry_version=7&sentry_key=9b4670a486538110e9a1969dbceb8446&sentry_client=sentry.javascript.vue%2F10.32.1:0
[    1120ms] [INFO] Loading the script 'https://app.lemonsqueezy.com/cdn-cgi/challenge-platform/h/g/scripts/jsd/b0a7532ac8ec/main.js?' violates the following Content Security Policy directive: "script-src 'unsafe-inline' 'unsafe-eval'". Note that 'script-src-elem' was not explicitly set, so 'script-src' is used as a fallback. The policy is report-only, so the violation has been logged but no further action has been taken. @ about:blank:0
[    5859ms] [INFO] Connecting to 'https://dataplane.rum.us-east-2.amazonaws.com/appmonitors/b09e66c8-4785-4998-a427-2758f0d185bb' violates the following Content Security Policy directive: "connect-src 'none'". The policy is report-only, so the violation has been logged but no further action has been taken. @ https://assets.lemonsqueezy.com/75fe1b45d5855b1a8177bf76e25edd130b354d97/build/assets/app-B7Yhjz6C.js:27
[    5860ms] [INFO] Connecting to 'https://dataplane.rum.us-east-2.amazonaws.com/appmonitors/b09e66c8-4785-4998-a427-2758f0d185bb' violates the following Content Security Policy directive: "connect-src 'none'". The policy is report-only, so the violation has been logged but no further action has been taken. @ https://assets.lemonsqueezy.com/75fe1b45d5855b1a8177bf76e25edd130b354d97/build/assets/app-B7Yhjz6C.js:27
